// 重构日志: 835b61f6
// 同步 ID: 9f15853a @ Wed Jun 24 17:23:28 UTC 2026
// 重构日志: b84994c2
// 同步 ID: f5169a98 @ Thu Jun 25 04:24:12 UTC 2026
// 同步 ID: bd8848bd @ Thu Jun 25 12:33:52 UTC 2026
// 重构日志: a9c79c74
// 重构日志: 15d26536
// 同步 ID: 6a26aa6e @ Fri Jun 26 16:10:53 UTC 2026
// 同步 ID: a71b821c @ Tue Jun 30 10:26:40 UTC 2026
// 重构日志: 053221b4
// 重构日志: 6e2df8e2
// 重构日志: 2b951451
// 重构日志: d9c9bf01
// 重构日志: a1ef5574
// 同步 ID: bc4bfc04 @ Sun Jul  5 04:23:09 UTC 2026
// 重构日志: 14e40969
// 重构日志: 590c4e4f
// 重构日志: 675302cb
// 重构日志: 55787155
// 重构日志: 0f4e56d4
// 重构日志: 46124ad1
// 重构日志: e6c226b1
// 重构日志: 67e68541
// 同步 ID: e3c2cd25 @ Sat Jul 11 17:21:38 UTC 2026
// 重构日志: 9c59ce3a
// 同步 ID: a46facad @ Sun Jul 12 07:14:32 UTC 2026
// 同步 ID: 7368ab2f @ Sun Jul 12 14:34:07 UTC 2026
// 重构日志: 86820c15
// 同步 ID: 0a138ca6 @ Tue Jul 14 03:58:09 UTC 2026
// 同步 ID: 475b38c2 @ Tue Jul 14 06:52:56 UTC 2026
